[      61ms] [LOG] 🍍 "organizer" store installed 🆕 @ http://localhost:5173/node_modules/.vite/deps/pinia.js?v=1145ca8f:3768
[      81ms] [ERROR] Failed to load resource: the server responded with a status of 404 () @ http://localhost:8081/organizers/999:0
[   56981ms] [LOG] events Proxy(Array) @ http://localhost:5173/src/views/EventListView.vue?t=1790404290188:48
[   56981ms] [LOG] totalEvent 4 @ http://localhost:5173/src/views/EventListView.vue?t=1790404290188:50
[   60994ms] [LOG] events Proxy(Array) @ http://localhost:5173/src/views/EventListView.vue?t=1790404290188:48
[   60994ms] [LOG] totalEvent 4 @ http://localhost:5173/src/views/EventListView.vue?t=1790404290188:50
[   62509ms] [LOG] 🍍 "event" store installed 🆕 @ http://localhost:5173/node_modules/.vite/deps/pinia.js?v=1145ca8f:3768
[   77313ms] [LOG] 🍍 "event" store installed 🆕 @ http://localhost:5173/node_modules/.vite/deps/pinia.js?v=1145ca8f:3768
[  218779ms] [LOG] events Proxy(Array) @ http://localhost:5173/src/views/EventListView.vue?t=1790404290188:48
[  218780ms] [LOG] totalEvent 4 @ http://localhost:5173/src/views/EventListView.vue?t=1790404290188:50
[  233994ms] [LOG] 🍍 "organizer" store installed 🆕 @ http://localhost:5173/node_modules/.vite/deps/pinia.js?v=1145ca8f:3768
[  237650ms] [LOG] events Proxy(Array) @ http://localhost:5173/src/views/EventListView.vue?t=1790404290188:48
[  237650ms] [LOG] totalEvent 4 @ http://localhost:5173/src/views/EventListView.vue?t=1790404290188:50
[  239654ms] [LOG] 🍍 "event" store installed 🆕 @ http://localhost:5173/node_modules/.vite/deps/pinia.js?v=1145ca8f:3768
[  300272ms] [LOG] events Proxy(Array) @ http://localhost:5173/src/views/EventListView.vue?t=1790404290188:48
[  300272ms] [LOG] totalEvent 4 @ http://localhost:5173/src/views/EventListView.vue?t=1790404290188:50
[  382678ms] [LOG] events Proxy(Array) @ http://localhost:5173/src/views/EventListView.vue?t=1790404290188:48
[  382678ms] [LOG] totalEvent 4 @ http://localhost:5173/src/views/EventListView.vue?t=1790404290188:50
[  386840ms] [LOG] events Proxy(Array) @ http://localhost:5173/src/views/EventListView.vue?t=1790404290188:48
[  386840ms] [LOG] totalEvent 4 @ http://localhost:5173/src/views/EventListView.vue?t=1790404290188:50
[  388360ms] [LOG] events Proxy(Array) @ http://localhost:5173/src/views/EventListView.vue?t=1790404290188:48
[  388360ms] [LOG] totalEvent 4 @ http://localhost:5173/src/views/EventListView.vue?t=1790404290188:50
[  393685ms] [LOG] events Proxy(Array) @ http://localhost:5173/src/views/EventListView.vue?t=1790404290188:48
[  393685ms] [LOG] totalEvent 4 @ http://localhost:5173/src/views/EventListView.vue?t=1790404290188:50
[  421159ms] [LOG] events Proxy(Array) @ http://localhost:5173/src/views/EventListView.vue?t=1790404290188:48
[  421160ms] [LOG] totalEvent 4 @ http://localhost:5173/src/views/EventListView.vue?t=1790404290188:50
[  430175ms] [LOG] events Proxy(Array) @ http://localhost:5173/src/views/EventListView.vue?t=1790404290188:48
[  430175ms] [LOG] totalEvent 4 @ http://localhost:5173/src/views/EventListView.vue?t=1790404290188:50
[  842143ms] [LOG] 🍍 "organizer" store installed 🆕 @ http://localhost:5173/node_modules/.vite/deps/pinia.js?v=1145ca8f:3768
